// Jest Snapshot v1, https://goo.gl/fbAQLP

exports[`renders without crashing 1`] = `
<withScriptjs(withGoogleMap(MapPreviewComponent))
  containerElement={
    <div
      className="route-manager__map__wrapper"
    />
  }
  defaultCenter={
    Object {
      "lat": 37.666030368995685,
      "lng": -116.02545749206541,
    }
  }
  defaultZoom={15}
  googleMapURL="google.api"
  loadingElement={
    <div
      style={
        Object {
          "height": "100%",
        }
      }
    />
  }
  mapElement={
    <div
      style={
        Object {
          "height": "100%",
        }
      }
    />
  }
>
  <div
    style={
      Object {
        "height": "100%",
      }
    }
  />
</withScriptjs(withGoogleMap(MapPreviewComponent))>
`;
