// Jest Snapshot v1, https://goo.gl/fbAQLP

exports[`have RouteManager component 1`] = `
<div
  className="app__container"
>
  <RouteManager />
</div>
`;
